\BOOKMARK [1][]{section.1}{\376\377\137\025\212\000}{}% 1
\BOOKMARK [1][]{section.2}{\376\377\166\370\121\163\135\345\117\134}{}% 2
\BOOKMARK [2][]{subsection.2.1}{\376\377\131\032\152\041\140\001\131\047\152\041\127\213\166\204\123\302\145\160\232\330\145\110\220\002\221\115}{section.2}% 3
\BOOKMARK [2][]{subsection.2.2}{\376\377\147\141\116\366\000P\000r\000o\000m\000p\000t\116\016\225\356\230\230\137\025\133\374\166\204\211\306\211\311\200\132\124\010}{section.2}% 4
\BOOKMARK [2][]{subsection.2.3}{\376\377\116\023\116\032\211\306\211\311\230\206\127\337\116\055\166\204\131\032\152\041\140\001\152\041\127\213}{section.2}% 5
\BOOKMARK [1][]{section.3}{\376\377\145\271\154\325}{}% 6
\BOOKMARK [2][]{subsection.3.1}{\376\377\225\356\230\230\133\232\116\111\116\016\121\273\176\323\213\276\177\156}{section.3}% 7
\BOOKMARK [2][]{subsection.3.2}{\376\377\140\073\117\123\176\323\147\204}{section.3}% 8
\BOOKMARK [2][]{subsection.3.3}{\376\377\227\131\140\001\230\206\127\337\150\041\121\306}{section.3}% 9
\BOOKMARK [2][]{subsection.3.4}{\376\377\225\356\230\230\137\025\133\374\166\204\000D\000i\000r\000e\000c\000t\000i\000o\000n\000a\000l\000\040\000W\000o\000r\000k\000s\000p\000a\000c\000e}{section.3}% 10
\BOOKMARK [2][]{subsection.3.5}{\376\377\122\250\140\001\213\355\212\000\000P\000r\000o\000m\000p\000t}{section.3}% 11
\BOOKMARK [2][]{subsection.3.6}{\376\377\000P\000r\000o\000m\000p\000t\145\076\177\156\116\016\126\340\147\234\123\357\211\301\140\047}{section.3}% 12
\BOOKMARK [2][]{subsection.3.7}{\376\377\123\302\145\160\211\304\152\041\116\016\220\002\221\115\215\357\137\204}{section.3}% 13
\BOOKMARK [1][]{section.4}{\376\377\133\236\232\214}{}% 14
\BOOKMARK [2][]{subsection.4.1}{\376\377\133\236\232\214\213\276\177\156}{section.4}% 15
\BOOKMARK [3][]{subsubsection.4.1.1}{\376\377\145\160\143\156\226\306}{subsection.4.1}% 16
\BOOKMARK [3][]{subsubsection.4.1.2}{\376\377\153\324\217\203\145\271\154\325}{subsection.4.1}% 17
\BOOKMARK [3][]{subsubsection.4.1.3}{\376\377\213\255\176\303\116\016\213\304\116\367\123\117\213\256}{subsection.4.1}% 18
\BOOKMARK [2][]{subsection.4.2}{\376\377\000P\000a\000t\000h\000V\000Q\000A\176\323\147\234}{section.4}% 19
\BOOKMARK [3][]{subsubsection.4.2.1}{\376\377\000V\000a\000l\000i\000d\000a\000t\000i\000o\000n\116\012\166\204\123\327\143\247\153\324\217\203}{subsection.4.2}% 20
\BOOKMARK [3][]{subsubsection.4.2.2}{\376\377\147\000\176\310\000T\000e\000s\000t\176\323\147\234}{subsection.4.2}% 21
\BOOKMARK [2][]{subsection.4.3}{\376\377\000S\000L\000A\000K\000E\215\350\145\160\143\156\226\306\176\323\147\234}{section.4}% 22
\BOOKMARK [2][]{subsection.4.4}{\376\377\165\065\122\233\165\065\154\024\145\160\143\156\226\306\176\323\147\234}{section.4}% 23
\BOOKMARK [2][]{subsection.4.5}{\376\377\000P\000r\000o\000m\000p\000t\145\076\177\156\117\115\177\156\155\210\207\215}{section.4}% 24
\BOOKMARK [2][]{subsection.4.6}{\376\377\217\223\121\372\131\064\133\271\221\317\116\016\213\255\176\303\145\110\163\207}{section.4}% 25
\BOOKMARK [2][]{subsection.4.7}{\376\377\226\217\147\072\171\315\133\120\172\063\133\232\140\047}{section.4}% 26
\BOOKMARK [2][]{subsection.4.8}{\376\377\176\323\147\234\213\250\213\272}{section.4}% 27
